PHPUnit 9.5.18 #StandWithUkraine

..SEE..EE....E.EEEEEE..FEEEEEE......E.                            38 / 38 (100%)

Time: 00:12.303, Memory: 20.00 MB

There were 18 errors:

1) UserControllerTest::testLoginMethodExists
session_start(): Session cannot be started after headers have already been sent

D:\Project_web\backup\younifirst-web\app\Service\SessionService.php:13
D:\Project_web\backup\younifirst-web\app\Controller\UserController.php:19
D:\Project_web\backup\younifirst-web\tests\Controller\UserControllerTest.php:13

2) UserControllerTest::testLoginActionRendersLoginView
session_start(): Session cannot be started after headers have already been sent

D:\Project_web\backup\younifirst-web\app\Service\SessionService.php:13
D:\Project_web\backup\younifirst-web\app\Controller\UserController.php:19
D:\Project_web\backup\younifirst-web\tests\Controller\UserControllerTest.php:20

3) MustLoginMiddlewareTest::testBeforeRedirectsWhenNoSession
Error: Access to undeclared static property App\Service\SessionService::$COOKIE_NAME

D:\Project_web\backup\younifirst-web\tests\Middleware\MustLoginMiddlewareTest.php:14

4) MustNotLoginMiddlewareTest::testBeforeRedirectsIfLoggedIn
Error: Access to undeclared static property App\Service\SessionService::$COOKIE_NAME

D:\Project_web\backup\younifirst-web\tests\Middleware\MustNotLoginMiddlewareTest.php:13

5) Tests\Repository\CallRequestRepositoryTest::testCreateRequest
PDOException: SQLSTATE[23514]: Check violation: 7 ERROR:  new row for relation "call_requests" violates check constraint "check_priority"
DETAIL:  Failing row contains (8, USRED807DC5CB, Test Request, This is a test request, high, pending, null, null, 2025-12-04 15:54:52.546058+00, 2025-12-04 15:54:52.546058+00, null).

D:\Project_web\backup\younifirst-web\app\Repository\CallRequestRepository.php:151
D:\Project_web\backup\younifirst-web\tests\Repository\CallRequestRepositoryTest.php:50

6) Tests\Repository\DashboardRepositoryTest::testGetStatEvent
Undefined array key "organizer"

D:\Project_web\backup\younifirst-web\app\Repository\EventRepository.php:85
D:\Project_web\backup\younifirst-web\tests\Repository\DashboardRepositoryTest.php:52

7) Tests\Repository\DashboardRepositoryTest::testGetStatLost
Error: Call to undefined method App\Repository\LostFoundRepository::create()

D:\Project_web\backup\younifirst-web\tests\Repository\DashboardRepositoryTest.php:92

8) Tests\Repository\DashboardRepositoryTest::testGetUpcomingEvents
Undefined array key "organizer"

D:\Project_web\backup\younifirst-web\app\Repository\EventRepository.php:85
D:\Project_web\backup\younifirst-web\tests\Repository\DashboardRepositoryTest.php:111

9) Tests\Repository\DetailAnggotaRepositoryTest::testAddAnggota
PDOException: SQLSTATE[42P01]: Undefined table: 7 ERROR:  relation "teams" does not exist
LINE 1: INSERT INTO teams (nama_team, deskripsi, lomba_id, leader_id...
                    ^

D:\Project_web\backup\younifirst-web\tests\Repository\DetailAnggotaRepositoryTest.php:63

10) Tests\Repository\DetailAnggotaRepositoryTest::testUpdateStatusAnggota
PDOException: SQLSTATE[42P01]: Undefined table: 7 ERROR:  relation "teams" does not exist
LINE 1: INSERT INTO teams (nama_team, deskripsi, lomba_id, leader_id...
                    ^

D:\Project_web\backup\younifirst-web\tests\Repository\DetailAnggotaRepositoryTest.php:88

11) Tests\Repository\DetailAnggotaRepositoryTest::testRemoveAnggota
PDOException: SQLSTATE[42P01]: Undefined table: 7 ERROR:  relation "teams" does not exist
LINE 1: INSERT INTO teams (nama_team, deskripsi, lomba_id, leader_id...
                    ^

D:\Project_web\backup\younifirst-web\tests\Repository\DetailAnggotaRepositoryTest.php:114

12) Tests\Repository\LostFoundRepositoryTest::testCreateItem
PDOException: SQLSTATE[22P02]: Invalid text representation: 7 ERROR:  invalid input value for enum kategori_enum: "Elektronik"
CONTEXT:  unnamed portal parameter $3 = '...'

D:\Project_web\backup\younifirst-web\app\Repository\LostFoundRepository.php:74
D:\Project_web\backup\younifirst-web\tests\Repository\LostFoundRepositoryTest.php:54

13) Tests\Repository\LostFoundRepositoryTest::testUpdateItem
PDOException: SQLSTATE[22P02]: Invalid text representation: 7 ERROR:  invalid input value for enum kategori_enum: "Elektronik"
CONTEXT:  unnamed portal parameter $3 = '...'

D:\Project_web\backup\younifirst-web\app\Repository\LostFoundRepository.php:74
D:\Project_web\backup\younifirst-web\tests\Repository\LostFoundRepositoryTest.php:83

14) Tests\Repository\LostFoundRepositoryTest::testSearchItems
PDOException: SQLSTATE[22P02]: Invalid text representation: 7 ERROR:  invalid input value for enum kategori_enum: "Lainnya"
CONTEXT:  unnamed portal parameter $3 = '...'

D:\Project_web\backup\younifirst-web\app\Repository\LostFoundRepository.php:74
D:\Project_web\backup\younifirst-web\tests\Repository\LostFoundRepositoryTest.php:119

15) Tests\Repository\ModerationRepositoryTest::testGetPendingItems
Undefined array key "organizer"

D:\Project_web\backup\younifirst-web\app\Repository\EventRepository.php:85
D:\Project_web\backup\younifirst-web\tests\Repository\ModerationRepositoryTest.php:57

16) Tests\Repository\ModerationRepositoryTest::testUpdateStatus
Undefined array key "organizer"

D:\Project_web\backup\younifirst-web\app\Repository\EventRepository.php:85
D:\Project_web\backup\younifirst-web\tests\Repository\ModerationRepositoryTest.php:110

17) SessionRepositoryTest::testSaveReturnsSessionInstance
Error: Class "App\Repository\SessionRepository" not found

D:\Project_web\backup\younifirst-web\tests\Repository\SessionRepositoryTest.php:20

18) SessionServiceTest::testCreateSessionReturnsSessionObject
session_start(): Session cannot be started after headers have already been sent

D:\Project_web\backup\younifirst-web\app\Service\SessionService.php:13
D:\Project_web\backup\younifirst-web\tests\Service\SessionServiceTest.php:20

--

There was 1 failure:

1) Tests\Repository\EventRepositoryTest::testRegisterForEvent
Failed asserting that false is true.

D:\Project_web\backup\younifirst-web\tests\Repository\EventRepositoryTest.php:103

ERRORS!
Tests: 38, Assertions: 40, Errors: 18, Failures: 1, Skipped: 1.
